
> vite-react-app@0.0.0 build
> vite build

vite v8.0.8 building client environment for production...
[2Ktransforming...✓ 5464 modules transformed.
✗ Build failed in 3.67s
error during build:
Build failed with 1 error:

[plugin vite:css] /home/user/src/index.css:189:2
CssSyntaxError: [postcss] /home/user/src/index.css:189:3: You cannot `@apply` the `border-t-transparent` utility here because it creates a circular dependency.
    at Input.error (/home/user/node_modules/vite/node_modules/postcss/lib/input.js:135:16)
    at Rule.error (/home/user/node_modules/vite/node_modules/postcss/lib/node.js:146:32)
    at processApply (/home/user/node_modules/tailwindcss/lib/lib/expandApplyAtRules.js:430:32)
    at /home/user/node_modules/tailwindcss/lib/lib/expandApplyAtRules.js:538:9
    at /home/user/node_modules/tailwindcss/lib/processTailwindFeatures.js:57:50
    at async plugins (/home/user/node_modules/tailwindcss/lib/plugin.js:38:17)
    at async LazyResult.runAsync (/home/user/node_modules/vite/node_modules/postcss/lib/lazy-result.js:293:11)
    at async runPostCSS (file:///home/user/node_modules/vite/dist/node/chunks/node.js:21003:19)
    at async compilePostCSS (file:///home/user/node_modules/vite/dist/node/chunks/node.js:20987:6)
    at async compileCSS (file:///home/user/node_modules/vite/dist/node/chunks/node.js:20917:26)
    at aggregateBindingErrorsIntoJsError (file:///home/user/node_modules/rolldown/dist/shared/error-w0u7biK-.mjs:48:18)
    at unwrapBindingResult (file:///home/user/node_modules/rolldown/dist/shared/error-w0u7biK-.mjs:18:128)
    at #build (file:///home/user/node_modules/rolldown/dist/shared/rolldown-build-DtGk-m96.mjs:3313:34)
    at async buildEnvironment (file:///home/user/node_modules/vite/dist/node/chunks/node.js:32954:64)
    at async Object.build (file:///home/user/node_modules/vite/dist/node/chunks/node.js:33376:19)
    at async Object.buildApp (file:///home/user/node_modules/vite/dist/node/chunks/node.js:33373:153)
    at async CAC.<anonymous> (file:///home/user/node_modules/vite/dist/node/cli.js:778:3) {
  errors: [Getter/Setter]
}
